// Jest Snapshot v1, https://goo.gl/fbAQLP

exports[`that new product screen renders correctly 1`] = `
<RCTScrollView
  automaticallyAdjustContentInsets={false}
  contentContainerStyle={
    Object {
      "flex": 1,
    }
  }
  contentInset={
    Object {
      "bottom": 0,
    }
  }
  enableAutomaticScroll={true}
  enableOnAndroid={false}
  enableResetScrollToCoords={true}
  extraHeight={75}
  extraScrollHeight={0}
  getScrollResponder={[Function]}
  handleOnScroll={[Function]}
  keyboardDismissMode="interactive"
  keyboardOpeningTime={250}
  keyboardSpace={0}
  onScroll={[Function]}
  resetKeyboardSpace={[Function]}
  scrollEventThrottle={1}
  scrollForExtraHeightOnAndroid={[Function]}
  scrollIntoView={[Function]}
  scrollToEnd={[Function]}
  scrollToFocusedInput={[Function]}
  scrollToPosition={[Function]}
  showsVerticalScrollIndicator={true}
  style={
    Array [
      Object {
        "backgroundColor": "#F7F5F3",
        "flex": 1,
        "paddingHorizontal": 30,
        "paddingTop": 150,
      },
      Object {
        "paddingTop": 50,
      },
    ]
  }
  update={[Function]}
  viewIsInsideTabBar={false}
>
  <View>
    <View
      accessible={true}
      collapsable={false}
      focusable={true}
      onClick={[Function]}
      onResponderGrant={[Function]}
      onResponderMove={[Function]}
      onResponderRelease={[Function]}
      onResponderTerminate={[Function]}
      onResponderTerminationRequest={[Function]}
      onStartShouldSetResponder={[Function]}
      style={
        Object {
          "alignSelf": "flex-start",
          "marginBottom": 30,
          "marginLeft": -10,
          "opacity": 1,
          "paddingHorizontal": 5,
          "paddingVertical": 6,
        }
      }
    >
      <RNSVGSvgView
        bbHeight={32}
        bbWidth={32}
        fill="none"
        focusable={false}
        height={32}
        style={
          Array [
            Object {
              "backgroundColor": "transparent",
              "borderWidth": 0,
            },
            Object {
              "flex": 0,
              "height": 32,
              "width": 32,
            },
          ]
        }
        width={32}
        xmlns="http://www.w3.org/2000/svg"
      >
        <RNSVGGroup
          fill={null}
          propList={
            Array [
              "fill",
            ]
          }
        >
          <RNSVGPath
            d="M7 15h20a1 1 0 0 1 0 2H7a1 1 0 0 1 0-2Z"
            fill={4278255873}
            propList={
              Array [
                "fill",
              ]
            }
          />
          <RNSVGPath
            d="m7.414 16 8.294 8.292a1.002 1.002 0 0 1-1.416 1.416l-9-9a.999.999 0 0 1 0-1.416l9-9a1.001 1.001 0 1 1 1.416 1.416L7.414 16Z"
            fill={4278255873}
            propList={
              Array [
                "fill",
              ]
            }
          />
        </RNSVGGroup>
      </RNSVGSvgView>
    </View>
    <Text
      style={
        Array [
          Object {
            "color": "#010101",
            "fontFamily": "NotoSans-Medium",
            "fontSize": 24,
            "lineHeight": 31,
          },
          undefined,
        ]
      }
    >
      Add New Product
    </Text>
    <View
      style={
        Object {
          "flex": 1,
          "marginTop": 30,
        }
      }
    >
      <View
        style={
          Array [
            Object {
              "backgroundColor": "#F1ECE4",
              "borderRadius": 10,
              "height": 72,
              "justifyContent": "center",
              "marginBottom": 20,
              "width": "100%",
            },
            undefined,
            false,
            undefined,
          ]
        }
      >
        <TextInput
          keyboardType="default"
          numberOfLines={10}
          onBlur={[Function]}
          onChangeText={[Function]}
          placeholder="Product name"
          placeholderTextColor="#474747"
          style={
            Array [
              Object {
                "color": "#010101",
                "fontFamily": "NotoSans-Regular",
                "fontSize": 16,
                "height": 72,
                "lineHeight": 21,
                "paddingLeft": 30,
                "width": "100%",
              },
              undefined,
            ]
          }
          textAlignVertical="top"
          value=""
        />
      </View>
      <View
        style={
          Array [
            Object {
              "backgroundColor": "#F1ECE4",
              "borderRadius": 10,
              "height": 72,
              "justifyContent": "center",
              "marginBottom": 20,
              "width": "100%",
            },
            undefined,
            false,
            undefined,
          ]
        }
      >
        <TextInput
          keyboardType="phone-pad"
          numberOfLines={10}
          onBlur={[Function]}
          onChangeText={[Function]}
          placeholder="Total stock"
          placeholderTextColor="#474747"
          style={
            Array [
              Object {
                "color": "#010101",
                "fontFamily": "NotoSans-Regular",
                "fontSize": 16,
                "height": 72,
                "lineHeight": 21,
                "paddingLeft": 30,
                "width": "100%",
              },
              undefined,
            ]
          }
          textAlignVertical="top"
          value=""
        />
      </View>
      <View
        style={
          Array [
            Object {
              "backgroundColor": "#F1ECE4",
              "borderRadius": 10,
              "height": 72,
              "justifyContent": "center",
              "marginBottom": 20,
              "width": "100%",
            },
            undefined,
            false,
            undefined,
          ]
        }
      >
        <TextInput
          keyboardType="phone-pad"
          numberOfLines={10}
          onBlur={[Function]}
          onChangeText={[Function]}
          placeholder="Price"
          placeholderTextColor="#474747"
          style={
            Array [
              Object {
                "color": "#010101",
                "fontFamily": "NotoSans-Regular",
                "fontSize": 16,
                "height": 72,
                "lineHeight": 21,
                "paddingLeft": 30,
                "width": "100%",
              },
              undefined,
            ]
          }
          textAlignVertical="top"
          value=""
        />
      </View>
      <View
        style={
          Array [
            Object {
              "backgroundColor": "#F1ECE4",
              "borderRadius": 10,
              "height": 72,
              "justifyContent": "center",
              "marginBottom": 20,
              "width": "100%",
            },
            undefined,
            false,
            Object {
              "height": 152,
            },
          ]
        }
      >
        <TextInput
          keyboardType="default"
          multiline={true}
          numberOfLines={10}
          onBlur={[Function]}
          onChangeText={[Function]}
          placeholder="Description"
          placeholderTextColor="#474747"
          style={
            Array [
              Object {
                "color": "#010101",
                "fontFamily": "NotoSans-Regular",
                "fontSize": 16,
                "height": 72,
                "lineHeight": 21,
                "paddingLeft": 30,
                "width": "100%",
              },
              Object {
                "height": 152,
                "width": "94%",
              },
            ]
          }
          textAlignVertical="top"
          value=""
        />
      </View>
      <View
        accessible={true}
        collapsable={false}
        focusable={true}
        onClick={[Function]}
        onResponderGrant={[Function]}
        onResponderMove={[Function]}
        onResponderRelease={[Function]}
        onResponderTerminate={[Function]}
        onResponderTerminationRequest={[Function]}
        onStartShouldSetResponder={[Function]}
        style={
          Object {
            "alignItems": "center",
            "backgroundColor": "#DDB582",
            "borderRadius": 10,
            "height": 60,
            "justifyContent": "center",
            "marginTop": 40,
            "opacity": 1,
            "width": "100%",
          }
        }
        testID={null}
      >
        <Text
          style={
            Array [
              Object {
                "color": "#010101",
                "fontFamily": "NotoSans-Medium",
                "fontSize": 14,
                "lineHeight": 21,
                "textAlign": "center",
              },
              undefined,
            ]
          }
        >
          Add New Product
        </Text>
      </View>
    </View>
  </View>
</RCTScrollView>
`;
